Resolving dependencies...
Downloading packages...
  _flutterfire_internals 1.3.59 (1.3.73 available)
  archive 3.6.1 (4.0.9 available)
  cli_util 0.4.2 (0.5.1 available)
  cloud_firestore 5.6.12 (6.6.0 available)
  cloud_firestore_platform_interface 6.6.12 (8.0.3 available)
  cloud_firestore_web 4.4.12 (5.6.0 available)
  cloud_functions 5.6.2 (6.3.3 available)
  cloud_functions_platform_interface 5.8.2 (6.0.3 available)
  cloud_functions_web 4.11.5 (5.1.9 available)
  code_assets 1.0.0 (1.2.1 available)
  confetti 0.7.0 (0.8.0 available)
  connectivity_plus 6.1.5 (7.2.0 available)
  cross_file 0.3.5+2 (0.3.5+4 available)
  csv 6.0.0 (8.0.0 available)
  dbus 0.7.12 (0.7.14 available)
  device_info_plus 9.1.2 (13.2.0 available)
  device_info_plus_platform_interface 7.0.3 (8.1.0 available)
  dio 5.9.2 (5.10.0 available)
  dio_web_adapter 2.1.2 (2.2.0 available)
  excel 2.1.0 (4.0.6 available)
  file_picker 8.3.7 (11.0.2 available)
  file_saver 0.2.14 (0.4.0 available)
  firebase_analytics 11.6.0 (12.4.3 available)
  firebase_analytics_platform_interface 4.4.3 (6.0.3 available)
  firebase_analytics_web 0.5.10+16 (0.6.1+9 available)
  firebase_app_check 0.3.2+10 (0.4.5 available)
  firebase_app_check_platform_interface 0.1.1+10 (0.4.1 available)
  firebase_app_check_web 0.2.0+14 (0.2.5 available)
  firebase_auth 5.7.0 (6.5.4 available)
  firebase_auth_platform_interface 7.7.3 (9.0.3 available)
  firebase_auth_web 5.15.3 (6.2.3 available)
  firebase_core 3.15.2 (4.11.0 available)
  firebase_core_platform_interface 6.0.3 (7.1.0 available)
  firebase_core_web 2.24.1 (3.9.0 available)
  firebase_messaging 15.2.10 (16.4.1 available)
  firebase_messaging_platform_interface 4.6.10 (4.9.0 available)
  firebase_messaging_web 3.10.10 (4.2.1 available)
  firebase_storage 12.4.10 (13.4.3 available)
  firebase_storage_platform_interface 5.2.10 (6.0.3 available)
  firebase_storage_web 3.10.17 (3.11.9 available)
  fl_chart 0.68.0 (1.2.0 available)
  flutter_local_notifications 17.2.4 (22.0.1 available)
  flutter_local_notifications_linux 4.0.1 (8.0.1 available)
  flutter_local_notifications_platform_interface 7.2.0 (12.0.0 available)
  flutter_native_splash 2.4.4 (2.4.8 available)
  flutter_plugin_android_lifecycle 2.0.34 (2.0.35 available)
  flutter_svg 2.2.4 (2.3.0 available)
  google_sign_in 6.3.0 (7.2.0 available)
  google_sign_in_android 6.2.1 (7.2.14 available)
  google_sign_in_ios 5.9.0 (6.3.0 available)
  google_sign_in_platform_interface 2.5.0 (3.1.0 available)
  google_sign_in_web 0.12.4+4 (1.1.3 available)
  googleapis 13.2.0 (16.0.0 available)
  googleapis_auth 1.6.0 (2.3.2 available)
  hooks 1.0.3 (2.0.2 available)
  image 4.3.0 (4.9.1 available)
  image_picker 1.2.2 (1.2.3 available)
  image_picker_android 0.8.13+17 (0.8.13+19 available)
  intl 0.20.2 (0.20.3 available)
  json_annotation 4.11.0 (4.12.0 available)
  matcher 0.12.19 (0.12.20 available)
  meta 1.18.0 (1.18.3 available)
  native_toolchain_c 0.17.6 (0.19.2 available)
  objective_c 9.3.0 (9.4.1 available)
  package_config 2.2.0 (3.0.0 available)
  package_info_plus 8.3.1 (10.2.0 available)
  package_info_plus_platform_interface 3.2.1 (4.1.0 available)
  path_provider 2.1.5 (2.1.6 available)
  path_provider_linux 2.2.1 (2.2.2 available)
  path_provider_platform_interface 2.1.2 (2.1.3 available)
  pdf 3.12.0 (3.13.0 available)
  permission_handler 11.4.0 (12.0.3 available)
  permission_handler_android 12.1.0 (13.0.1 available)
  permission_handler_apple 9.4.7 (9.4.10 available)
  printing 5.14.3 (5.15.0 available)
  qr 3.0.2 (4.0.0 available)
  share_plus 10.1.4 (13.2.0 available)
  share_plus_platform_interface 5.0.2 (7.1.0 available)
  shared_preferences_android 2.4.23 (2.4.26 available)
  sqflite 2.4.2+1 (2.4.3 available)
  sqflite_android 2.4.2+3 (2.4.3 available)
  sqflite_common 2.5.6+1 (2.5.11 available)
  sqflite_darwin 2.4.2 (2.4.3+1 available)
  sqflite_platform_interface 2.4.0 (2.4.1 available)
  synchronized 3.4.0+1 (3.4.1 available)
  test_api 0.7.11 (0.7.13 available)
  timezone 0.9.4 (0.11.1 available)
  url_launcher_android 6.3.29 (6.3.32 available)
  url_launcher_web 2.4.2 (2.4.3 available)
  vector_graphics 1.2.0 (1.2.2 available)
  vector_graphics_compiler 1.2.0 (1.2.6 available)
  vector_math 2.2.0 (2.4.0 available)
  webview_flutter 4.13.1 (4.14.0 available)
  webview_flutter_android 4.12.0 (4.13.0 available)
  webview_flutter_wkwebview 3.25.1 (3.26.0 available)
  win32 5.15.0 (6.3.0 available)
  win32_registry 1.1.5 (3.0.3 available)
  xml 6.6.1 (7.0.1 available)
Got dependencies!
98 packages have newer versions incompatible with dependency constraints.
Try `flutter pub outdated` for more information.
Launching lib\main.dart on Chrome in debug mode...
Waiting for connection from debug service on Chrome...             47,2s

Flutter run key commands.
r Hot reload. 
R Hot restart.
h List all available interactive commands.
d Detach (terminate "flutter run" but leave application running).
c Clear the screen
q Quit (terminate the application on the device).

This app is linked to the debug service: ws://127.0.0.1:55526/zOlGdXYUkas=/ws
Debug service listening on ws://127.0.0.1:55526/zOlGdXYUkas=/ws
A Dart VM Service on Chrome is available at: http://127.0.0.1:55526/zOlGdXYUkas=
The Flutter DevTools debugger and profiler on Chrome is available at: http://127.0.0.1:55526/zOlGdXYUkas=/devtools/?uri=ws://127.0.0.1:55526/zOlGdXYUkas=/ws
Starting application from main method in: org-dartlang-app:/web_entrypoint.dart.
Found an existing <meta name="viewport"> tag. Flutter Web uses its own viewport configuration for better compatibility with Flutter. This tag will be replaced.
🚀 INICIANDO APP - PASSO 1
✅ WidgetsFlutterBinding inicializado
📅 Inicializando date format...
✅ Date format inicializado
 Inicializando Firebase...
✅ Firebase inicializado
💾 Configurando persistência LOCAL para web...
✅ Persistência LOCAL configurada
ℹ️ Nenhuma sessão detectada imediatamente. Splash vai aguardar o Auth.
📦 Configurando Firestore...
✅ Firestore configurado com cache persistente
🎂 Verificando mensagens de aniversário...
✅ Mensagens já existem no banco!
✅ Mensagens de aniversário verificadas
🌍 Configurando locale...
✅ Locale configurado
🎨 Inicializando tema do app...
✅ Tema inicializado
🏁 Chamando runApp...
✅ runApp executado
🏢 UaiCapoeiraApp.build()
🔐 Auth State: Usuário DESLOGADO
ℹ️ PWA: nenhuma sessão salva. Abrindo LandingPage.
👤 Usuário atual no build: Nenhum
🌐 Registrando localização e dispositivo...
📡 Chamando Cloud Function registrarLocalizacaoAcesso...
📡 Resposta da Cloud Function: {success: true, docId: B19V1tbliVauyl8mnzeB, ip: 45.161.92.226, cidade: Bocaiúva, estado: Minas Gerais, pais: Brazil, latitude: -17.305, longitude: -43.6763, isp: WF COMERCIO DE SUPRIMENTOS DE INFORMATICA LTDA, timezone: America/Sao_Paulo, localizacaoStatus: sucesso}
📄 Documento criado com ID: B19V1tbliVauyl8mnzeB
✅ Sessão iniciada para documento: B19V1tbliVauyl8mnzeB
✅ Evento registrado: pagina | home | inicial
✅ Evento registrado: dispositivo | dados_dispositivo_inicial | site_landing
✅ Rastreamento iniciado com dispositivo para documento B19V1tbliVauyl8mnzeB
unhandled element <metadata/>; Picture key: Svg loader
✅ Evento registrado: ui | abrir_drawer | appbar
🔘 Menu clicado: acessar_app (origem: drawer)
✅ Evento registrado: menu | acessar_app | drawer
